// Jest Snapshot v1, https://goo.gl/fbAQLP

exports[`matches snapshot 1`] = `
<DocumentFragment>
  <button
    class="Play-btn btn"
    tabindex="0"
  >
    Play
  </button>
</DocumentFragment>
`;
