// Jest Snapshot v1, https://goo.gl/fbAQLP

exports[`matches snapshot 1`] = `
<DocumentFragment>
  <div
    alt="Loading"
    class="Loading"
  >
    <div
      style="display: none;"
    >
      Loading
    </div>
  </div>
</DocumentFragment>
`;
