// Jest Snapshot v1, https://goo.gl/fbAQLP

exports[`Matches snapshot 1`] = `
<DocumentFragment>
  <div
    class="Board"
  >
    <div
      class="Board-column"
    >
      <div
        class="category-header"
      >
        Test title
      </div>
      <div
        class="Board-clue "
        id="0 - 0"
      >
        100
      </div>
      <div
        class="Board-clue "
        id="0 - 1"
      >
        100
      </div>
      <div
        class="Board-clue "
        id="0 - 2"
      >
        100
      </div>
      <div
        class="Board-clue "
        id="0 - 3"
      >
        100
      </div>
      <div
        class="Board-clue "
        id="0 - 4"
      >
        100
      </div>
    </div>
  </div>
</DocumentFragment>
`;
